
Abridge Solutions@DESKTOP-MLV8CSH MINGW64 ~/Training/wellsfargo/batch-1/repo (master)
$ echo "Creating new file" file.txt
Creating new file file.txt

Abridge Solutions@DESKTOP-MLV8CSH MINGW64 ~/Training/wellsfargo/batch-1/repo (master)
$ git commit -am "New file added file.txt"
On branch master
nothing to commit, working tree clean

Abridge Solutions@DESKTOP-MLV8CSH MINGW64 ~/Training/wellsfargo/batch-1/repo (master)
$ git add file.txt
fatal: pathspec 'file.txt' did not match any files

Abridge Solutions@DESKTOP-MLV8CSH MINGW64 ~/Training/wellsfargo/batch-1/repo (master)
$ git status
On branch master
nothing to commit, working tree clean

Abridge Solutions@DESKTOP-MLV8CSH MINGW64 ~/Training/wellsfargo/batch-1/repo (master)
$ ll
total 1
-rw-r--r-- 1 Abridge Solutions 197121 138 Mar  6 16:30 new-file

Abridge Solutions@DESKTOP-MLV8CSH MINGW64 ~/Training/wellsfargo/batch-1/repo (master)
$ echo "Creating new file" > "file.txt"

Abridge Solutions@DESKTOP-MLV8CSH MINGW64 ~/Training/wellsfargo/batch-1/repo (master)
$ ll
total 2
-rw-r--r-- 1 Abridge Solutions 197121  18 Mar  7 09:27 file.txt
-rw-r--r-- 1 Abridge Solutions 197121 138 Mar  6 16:30 new-file

Abridge Solutions@DESKTOP-MLV8CSH MINGW64 ~/Training/wellsfargo/batch-1/repo (master)
$ git commit -am "New file added file.txt"
On branch master
Untracked files:
        file.txt

nothing added to commit but untracked files present

Abridge Solutions@DESKTOP-MLV8CSH MINGW64 ~/Training/wellsfargo/batch-1/repo (master)
$ git add file.txt

Abridge Solutions@DESKTOP-MLV8CSH MINGW64 ~/Training/wellsfargo/batch-1/repo (master)
$ git commit -am "New file added file.txt"
[master b0ba099] New file added file.txt
 1 file changed, 1 insertion(+)
 create mode 100644 file.txt

Abridge Solutions@DESKTOP-MLV8CSH MINGW64 ~/Training/wellsfargo/batch-1/repo (master)
$ ll
total 2
-rw-r--r-- 1 Abridge Solutions 197121  18 Mar  7 09:27 file.txt
-rw-r--r-- 1 Abridge Solutions 197121 138 Mar  6 16:30 new-file

Abridge Solutions@DESKTOP-MLV8CSH MINGW64 ~/Training/wellsfargo/batch-1/repo (master)
$ git checkout newbranch1
Switched to branch 'newbranch1'

Abridge Solutions@DESKTOP-MLV8CSH MINGW64 ~/Training/wellsfargo/batch-1/repo (newbranch1)
$ ll
total 0
-rw-r--r-- 1 Abridge Solutions 197121 0 Mar  7 09:28 new-file

Abridge Solutions@DESKTOP-MLV8CSH MINGW64 ~/Training/wellsfargo/batch-1/repo (newbranch1)
$ echo "Creating new file in newbranch1" > "file.txt"

Abridge Solutions@DESKTOP-MLV8CSH MINGW64 ~/Training/wellsfargo/batch-1/repo (newbranch1)
$ git add file.txt

Abridge Solutions@DESKTOP-MLV8CSH MINGW64 ~/Training/wellsfargo/batch-1/repo (newbranch1)
$ git commit -am "New file added file.txt to newbranch1"
[newbranch1 569e9c1] New file added file.txt to newbranch1
 1 file changed, 1 insertion(+)
 create mode 100644 file.txt

Abridge Solutions@DESKTOP-MLV8CSH MINGW64 ~/Training/wellsfargo/batch-1/repo (newbranch1)
$ ll
total 1
-rw-r--r-- 1 Abridge Solutions 197121 32 Mar  7 09:28 file.txt
-rw-r--r-- 1 Abridge Solutions 197121  0 Mar  7 09:28 new-file

Abridge Solutions@DESKTOP-MLV8CSH MINGW64 ~/Training/wellsfargo/batch-1/repo (newbranch1)
$ git merge master
CONFLICT (add/add): Merge conflict in new-file
Auto-merging new-file
CONFLICT (add/add): Merge conflict in file.txt
Auto-merging file.txt
Auto-merging .gitignore
CONFLICT (content): Merge conflict in .gitignore
Automatic merge failed; fix conflicts and then commit the result.

Abridge Solutions@DESKTOP-MLV8CSH MINGW64 ~/Training/wellsfargo/batch-1/repo (newbranch1|MERGING)
$ vi new-file

Abridge Solutions@DESKTOP-MLV8CSH MINGW64 ~/Training/wellsfargo/batch-1/repo (newbranch1|MERGING)
$ vi file.txt

Abridge Solutions@DESKTOP-MLV8CSH MINGW64 ~/Training/wellsfargo/batch-1/repo (newbranch1|MERGING)
$ vi .gitignore

Abridge Solutions@DESKTOP-MLV8CSH MINGW64 ~/Training/wellsfargo/batch-1/repo (newbranch1|MERGING)
$ vi new-file

Abridge Solutions@DESKTOP-MLV8CSH MINGW64 ~/Training/wellsfargo/batch-1/repo (newbranch1|MERGING)
$ git commit -am "Conflicts are resolved"
[newbranch1 535a012] Conflicts are resolved

Abridge Solutions@DESKTOP-MLV8CSH MINGW64 ~/Training/wellsfargo/batch-1/repo (newbranch1)
$ git checkout master
Switched to branch 'master'

Abridge Solutions@DESKTOP-MLV8CSH MINGW64 ~/Training/wellsfargo/batch-1/repo (master)
$ git merge newbranch1
Updating b0ba099..535a012
Fast-forward
 .gitignore | 12 +++---------
 file.txt   |  3 +++
 2 files changed, 6 insertions(+), 9 deletions(-)

Abridge Solutions@DESKTOP-MLV8CSH MINGW64 ~/Training/wellsfargo/batch-1/repo (master)
$ git checkout -b rebase-demo
Switched to a new branch 'rebase-demo'

Abridge Solutions@DESKTOP-MLV8CSH MINGW64 ~/Training/wellsfargo/batch-1/repo (rebase-demo)
$ echo "rebase demo -1" >> demo/new-file
bash: demo/new-file: No such file or directory

Abridge Solutions@DESKTOP-MLV8CSH MINGW64 ~/Training/wellsfargo/batch-1/repo (rebase-demo)
$ mkdir demo

Abridge Solutions@DESKTOP-MLV8CSH MINGW64 ~/Training/wellsfargo/batch-1/repo (rebase-demo)
$ echo "rebase demo -1" >> demo/new-file

Abridge Solutions@DESKTOP-MLV8CSH MINGW64 ~/Training/wellsfargo/batch-1/repo (rebase-demo)
$ git commit -am "rebase demo -1"
On branch rebase-demo
Untracked files:
        demo/

nothing added to commit but untracked files present

Abridge Solutions@DESKTOP-MLV8CSH MINGW64 ~/Training/wellsfargo/batch-1/repo (rebase-demo)
$ git add demo/

Abridge Solutions@DESKTOP-MLV8CSH MINGW64 ~/Training/wellsfargo/batch-1/repo (rebase-demo)
$ git commit -am "rebase demo -1"
[rebase-demo 353254d] rebase demo -1
 1 file changed, 1 insertion(+)
 create mode 100644 demo/new-file

Abridge Solutions@DESKTOP-MLV8CSH MINGW64 ~/Training/wellsfargo/batch-1/repo (rebase-demo)
$ git checkout master
Switched to branch 'master'

Abridge Solutions@DESKTOP-MLV8CSH MINGW64 ~/Training/wellsfargo/batch-1/repo (master)
$ mkdir demo

Abridge Solutions@DESKTOP-MLV8CSH MINGW64 ~/Training/wellsfargo/batch-1/repo (master)
$ git add demo/

Abridge Solutions@DESKTOP-MLV8CSH MINGW64 ~/Training/wellsfargo/batch-1/repo (master)
$ git commit -am "add folder"
On branch master
nothing to commit, working tree clean

Abridge Solutions@DESKTOP-MLV8CSH MINGW64 ~/Training/wellsfargo/batch-1/repo (master)
$ echo "rebase demo -2" >> demo/new-file

Abridge Solutions@DESKTOP-MLV8CSH MINGW64 ~/Training/wellsfargo/batch-1/repo (master)
$ git checkout rebase-demo
error: The following untracked working tree files would be overwritten by checkout:
        demo/new-file
Please move or remove them before you switch branches.
Aborting

Abridge Solutions@DESKTOP-MLV8CSH MINGW64 ~/Training/wellsfargo/batch-1/repo (master)
$ git commit -am "added new file"
On branch master
Untracked files:
        demo/

nothing added to commit but untracked files present

Abridge Solutions@DESKTOP-MLV8CSH MINGW64 ~/Training/wellsfargo/batch-1/repo (master)
$ git add demo/

Abridge Solutions@DESKTOP-MLV8CSH MINGW64 ~/Training/wellsfargo/batch-1/repo (master)
$ git commit -am "added new file"
[master 278250b] added new file
 1 file changed, 1 insertion(+)
 create mode 100644 demo/new-file

Abridge Solutions@DESKTOP-MLV8CSH MINGW64 ~/Training/wellsfargo/batch-1/repo (master)
$ git checkout rebase-demo
Switched to branch 'rebase-demo'

Abridge Solutions@DESKTOP-MLV8CSH MINGW64 ~/Training/wellsfargo/batch-1/repo (rebase-demo)
$ echo "rebase demo -3" >> demo/new-file.txt

Abridge Solutions@DESKTOP-MLV8CSH MINGW64 ~/Training/wellsfargo/batch-1/repo (rebase-demo)
$ git commit -am "added new file"
On branch rebase-demo
Untracked files:
        demo/new-file.txt

nothing added to commit but untracked files present

Abridge Solutions@DESKTOP-MLV8CSH MINGW64 ~/Training/wellsfargo/batch-1/repo (rebase-demo)
$ git add demo/newfile.txt
fatal: pathspec 'demo/newfile.txt' did not match any files

Abridge Solutions@DESKTOP-MLV8CSH MINGW64 ~/Training/wellsfargo/batch-1/repo (rebase-demo)
$ git commit -am "added new file"
On branch rebase-demo
Untracked files:
        demo/new-file.txt

nothing added to commit but untracked files present

Abridge Solutions@DESKTOP-MLV8CSH MINGW64 ~/Training/wellsfargo/batch-1/repo (rebase-demo)
$ git add demo\newfile.txt
fatal: pathspec 'demonewfile.txt' did not match any files

Abridge Solutions@DESKTOP-MLV8CSH MINGW64 ~/Training/wellsfargo/batch-1/repo (rebase-demo)
$ git add demo/newfile.txt
fatal: pathspec 'demo/newfile.txt' did not match any files

Abridge Solutions@DESKTOP-MLV8CSH MINGW64 ~/Training/wellsfargo/batch-1/repo (rebase-demo)
$ git checkout master
Switched to branch 'master'

Abridge Solutions@DESKTOP-MLV8CSH MINGW64 ~/Training/wellsfargo/batch-1/repo (master)
$ git merge rebase-demo
CONFLICT (add/add): Merge conflict in demo/new-file
Auto-merging demo/new-file
Automatic merge failed; fix conflicts and then commit the result.

Abridge Solutions@DESKTOP-MLV8CSH MINGW64 ~/Training/wellsfargo/batch-1/repo (master|MERGING)
$ git log
commit 278250b7cb3980bbcd4f9f3d05eb2e2f0a803fe2 (HEAD -> master)
Author: ranjith <blablarahul@gmail.com>
Date:   Thu Mar 7 09:39:29 2019 +0530

    added new file

commit 535a0120a52b4d32a5dc1b611e8f433621a8874f (newbranch1)
Merge: 569e9c1 b0ba099
Author: ranjith <blablarahul@gmail.com>
Date:   Thu Mar 7 09:34:03 2019 +0530

    Conflicts are resolved

commit 569e9c1da50758929a572adbdfde3f2fa8ffb282
Author: ranjith <blablarahul@gmail.com>
Date:   Thu Mar 7 09:29:11 2019 +0530

    New file added file.txt to newbranch1

commit b0ba09997dcb51ba71718e46ab0598dd105c1e7e
Author: ranjith <blablarahul@gmail.com>
Date:   Thu Mar 7 09:27:46 2019 +0530

    New file added file.txt

commit b4a23eac3f8de8f7640d5c959ab037bb76b86908
Author: ranjith <blablarahul@gmail.com>
Date:   Tue Mar 5 12:28:50 2019 +0530

    dfhgjfag

commit 1ca11a793811bbec326eaa5c09eaa2a756bcb0da
Author: ranjith <blablarahul@gmail.com>
Date:   Tue Mar 5 12:36:04 2019 +0530

    dafa

commit e1f990b5d41dc9cf1c78c0621ecc4898aa3db344
Author: ranjith <blablarahul@gmail.com>
Date:   Wed Mar 6 16:00:11 2019 +0530

    Revert "revert demo"

    This reverts commit 88066ba8fc40fd32a68ffbaf5d4a8b3107895829.


Abridge Solutions@DESKTOP-MLV8CSH MINGW64 ~/Training/wellsfargo/batch-1/repo (master|MERGING)
$ ^C

Abridge Solutions@DESKTOP-MLV8CSH MINGW64 ~/Training/wellsfargo/batch-1/repo (master|MERGING)
$ git rebase master
demo/new-file: needs merge
error: cannot rebase: You have unstaged changes.
error: additionally, your index contains uncommitted changes.
error: Please commit or stash them.

Abridge Solutions@DESKTOP-MLV8CSH MINGW64 ~/Training/wellsfargo/batch-1/repo (master|MERGING)
$ vi demo/new-file

Abridge Solutions@DESKTOP-MLV8CSH MINGW64 ~/Training/wellsfargo/batch-1/repo (master|MERGING)
$ vi demo/new-file.txt

Abridge Solutions@DESKTOP-MLV8CSH MINGW64 ~/Training/wellsfargo/batch-1/repo (master|MERGING)
$ git commit -am "committed chahnges"
[master 4a32e15] committed chahnges

Abridge Solutions@DESKTOP-MLV8CSH MINGW64 ~/Training/wellsfargo/batch-1/repo (master)
$ echo "rebase demo -2" >> demo/new-file

Abridge Solutions@DESKTOP-MLV8CSH MINGW64 ~/Training/wellsfargo/batch-1/repo (master)
$ vi demo/new-file

Abridge Solutions@DESKTOP-MLV8CSH MINGW64 ~/Training/wellsfargo/batch-1/repo (master)
$ git checkout rebase-demo
error: Your local changes to the following files would be overwritten by checkout:
        demo/new-file
Please commit your changes or stash them before you switch branches.
Aborting

Abridge Solutions@DESKTOP-MLV8CSH MINGW64 ~/Training/wellsfargo/batch-1/repo (master)
$ git commit -am "committed changes 2"
[master 747df4d] committed changes 2
 1 file changed, 1 insertion(+)

Abridge Solutions@DESKTOP-MLV8CSH MINGW64 ~/Training/wellsfargo/batch-1/repo (master)
$ git checkout rebase-demo
Switched to branch 'rebase-demo'

Abridge Solutions@DESKTOP-MLV8CSH MINGW64 ~/Training/wellsfargo/batch-1/repo (rebase-demo)
$ echo "rebase demo -4" >> demo/new-file

Abridge Solutions@DESKTOP-MLV8CSH MINGW64 ~/Training/wellsfargo/batch-1/repo (rebase-demo)
$ git commit -am "committed changes 4"
[rebase-demo 93ef916] committed changes 4
 1 file changed, 1 insertion(+)

Abridge Solutions@DESKTOP-MLV8CSH MINGW64 ~/Training/wellsfargo/batch-1/repo (rebase-demo)
$ git rebase master
First, rewinding head to replay your work on top of it...
Applying: committed changes 4
Using index info to reconstruct a base tree...
M       demo/new-file
Falling back to patching base and 3-way merge...
Auto-merging demo/new-file
CONFLICT (content): Merge conflict in demo/new-file
error: Failed to merge in the changes.
hint: Use 'git am --show-current-patch' to see the failed patch
Patch failed at 0001 committed changes 4
Resolve all conflicts manually, mark them as resolved with
"git add/rm <conflicted_files>", then run "git rebase --continue".
You can instead skip this commit: run "git rebase --skip".
To abort and get back to the state before "git rebase", run "git rebase --abort".

Abridge Solutions@DESKTOP-MLV8CSH MINGW64 ~/Training/wellsfargo/batch-1/repo (rebase-demo|REBASE 1/1)
$ vi demo\new-file

Abridge Solutions@DESKTOP-MLV8CSH MINGW64 ~/Training/wellsfargo/batch-1/repo (rebase-demo|REBASE 1/1)
$ vi demo\new-file1.txt

Abridge Solutions@DESKTOP-MLV8CSH MINGW64 ~/Training/wellsfargo/batch-1/repo (rebase-demo|REBASE 1/1)
$ vi demo\new-file.txt

Abridge Solutions@DESKTOP-MLV8CSH MINGW64 ~/Training/wellsfargo/batch-1/repo (rebase-demo|REBASE 1/1)
$ vi demo\new-file

Abridge Solutions@DESKTOP-MLV8CSH MINGW64 ~/Training/wellsfargo/batch-1/repo (rebase-demo|REBASE 1/1)
$ git commit -am "committed changes 5"
[detached HEAD 22ec554] committed changes 5
 1 file changed, 4 insertions(+)

Abridge Solutions@DESKTOP-MLV8CSH MINGW64 ~/Training/wellsfargo/batch-1/repo (rebase-demo|REBASE 1/1)
$ git log
commit 22ec554c0f08cae04590c9a002e888619b6c65de (HEAD)
Author: ranjith <blablarahul@gmail.com>
Date:   Thu Mar 7 09:57:41 2019 +0530

    committed changes 5

commit 747df4df0fef056956d6c96aba84886aa2eea7b2 (master)
Author: ranjith <blablarahul@gmail.com>
Date:   Thu Mar 7 09:49:15 2019 +0530

    committed changes 2

commit 4a32e1581438cf94385e801f91697436163ac54b
Merge: 278250b 353254d
Author: ranjith <blablarahul@gmail.com>
Date:   Thu Mar 7 09:48:03 2019 +0530

    committed chahnges

commit 278250b7cb3980bbcd4f9f3d05eb2e2f0a803fe2
Author: ranjith <blablarahul@gmail.com>
Date:   Thu Mar 7 09:39:29 2019 +0530

    added new file

commit 353254d73cab8c34a23f05f9520fcf6f472abc65
Author: ranjith <blablarahul@gmail.com>
Date:   Thu Mar 7 09:36:46 2019 +0530

    rebase demo -1

commit 535a0120a52b4d32a5dc1b611e8f433621a8874f (newbranch1)
Merge: 569e9c1 b0ba099
Author: ranjith <blablarahul@gmail.com>
Date:   Thu Mar 7 09:34:03 2019 +0530

    Conflicts are resolved

commit 569e9c1da50758929a572adbdfde3f2fa8ffb282
Author: ranjith <blablarahul@gmail.com>
Date:   Thu Mar 7 09:29:11 2019 +0530

    New file added file.txt to newbranch1

commit b0ba09997dcb51ba71718e46ab0598dd105c1e7e

Abridge Solutions@DESKTOP-MLV8CSH MINGW64 ~/Training/wellsfargo/batch-1/repo (rebase-demo|REBASE 1/1)
$ git merge master
Already up to date.

Abridge Solutions@DESKTOP-MLV8CSH MINGW64 ~/Training/wellsfargo/batch-1/repo (rebase-demo|REBASE 1/1)
$ git merge rebase-demo
Auto-merging demo/new-file
CONFLICT (content): Merge conflict in demo/new-file
Automatic merge failed; fix conflicts and then commit the result.

Abridge Solutions@DESKTOP-MLV8CSH MINGW64 ~/Training/wellsfargo/batch-1/repo (rebase-demo|REBASE 1/1)
$ vi demo/new-file

Abridge Solutions@DESKTOP-MLV8CSH MINGW64 ~/Training/wellsfargo/batch-1/repo (rebase-demo|REBASE 1/1)
$ git commit -am "committed changes 6"
[detached HEAD b753637] committed changes 6

Abridge Solutions@DESKTOP-MLV8CSH MINGW64 ~/Training/wellsfargo/batch-1/repo (rebase-demo|REBASE 1/1)
$ vi demo/new-file

Abridge Solutions@DESKTOP-MLV8CSH MINGW64 ~/Training/wellsfargo/batch-1/repo (rebase-demo|REBASE 1/1)
$ git rebase --continue
Applying: committed changes 4
No changes - did you forget to use 'git add'?
If there is nothing left to stage, chances are that something else
already introduced the same changes; you might want to skip this patch.
Resolve all conflicts manually, mark them as resolved with
"git add/rm <conflicted_files>", then run "git rebase --continue".
You can instead skip this commit: run "git rebase --skip".
To abort and get back to the state before "git rebase", run "git rebase --abort".

Abridge Solutions@DESKTOP-MLV8CSH MINGW64 ~/Training/wellsfargo/batch-1/repo (rebase-demo|REBASE 1/1)
$ git commit -am "committed changes 6"
rebase in progress; onto 747df4d
You are currently rebasing branch 'rebase-demo' on '747df4d'.

Untracked files:
        demo/new-file.txt
        demonew-file
        demonew-file.txt
        demonew-file1.txt

nothing added to commit but untracked files present

Abridge Solutions@DESKTOP-MLV8CSH MINGW64 ~/Training/wellsfargo/batch-1/repo (rebase-demo|REBASE 1/1)
$ git rebase --abort

Abridge Solutions@DESKTOP-MLV8CSH MINGW64 ~/Training/wellsfargo/batch-1/repo (rebase-demo)
$ git commit -am "committed changes 6"
On branch rebase-demo
Untracked files:
        demo/new-file.txt
        demonew-file
        demonew-file.txt
        demonew-file1.txt

nothing added to commit but untracked files present

Abridge Solutions@DESKTOP-MLV8CSH MINGW64 ~/Training/wellsfargo/batch-1/repo (rebase-demo)
$ git add demo/new-fiel.txt
fatal: pathspec 'demo/new-fiel.txt' did not match any files

Abridge Solutions@DESKTOP-MLV8CSH MINGW64 ~/Training/wellsfargo/batch-1/repo (rebase-demo)
$ git add demo/new-fie.txt
fatal: pathspec 'demo/new-fie.txt' did not match any files

Abridge Solutions@DESKTOP-MLV8CSH MINGW64 ~/Training/wellsfargo/batch-1/repo (rebase-demo)
$ git commit -am "committed changes 6"
On branch rebase-demo
Untracked files:
        demo/new-file.txt

nothing added to commit but untracked files present

Abridge Solutions@DESKTOP-MLV8CSH MINGW64 ~/Training/wellsfargo/batch-1/repo (rebase-demo)
$ git add demo/new-file.txt

Abridge Solutions@DESKTOP-MLV8CSH MINGW64 ~/Training/wellsfargo/batch-1/repo (rebase-demo)
$ git commit -am "committed changes 6"
[rebase-demo c7b5423] committed changes 6
 1 file changed, 1 insertion(+)
 create mode 100644 demo/new-file.txt

Abridge Solutions@DESKTOP-MLV8CSH MINGW64 ~/Training/wellsfargo/batch-1/repo (rebase-demo)
$ git checkout master
Switched to branch 'master'

Abridge Solutions@DESKTOP-MLV8CSH MINGW64 ~/Training/wellsfargo/batch-1/repo (master)
$ echo "ammend demo -1 " >> ammenddemo

Abridge Solutions@DESKTOP-MLV8CSH MINGW64 ~/Training/wellsfargo/batch-1/repo (master)
$ git add amend-demo
fatal: pathspec 'amend-demo' did not match any files

Abridge Solutions@DESKTOP-MLV8CSH MINGW64 ~/Training/wellsfargo/batch-1/repo (master)
$ git commit -am "ad-2"
On branch master
Untracked files:
        ammenddemo

nothing added to commit but untracked files present

Abridge Solutions@DESKTOP-MLV8CSH MINGW64 ~/Training/wellsfargo/batch-1/repo (master)
$ git add amenddemo
fatal: pathspec 'amenddemo' did not match any files

Abridge Solutions@DESKTOP-MLV8CSH MINGW64 ~/Training/wellsfargo/batch-1/repo (master)
$ git add ammenddemo

Abridge Solutions@DESKTOP-MLV8CSH MINGW64 ~/Training/wellsfargo/batch-1/repo (master)
$ git commit -m "ad-2"
[master de4ea87] ad-2
 1 file changed, 1 insertion(+)
 create mode 100644 ammenddemo

Abridge Solutions@DESKTOP-MLV8CSH MINGW64 ~/Training/wellsfargo/batch-1/repo (master)
$ git log
commit de4ea8762f6e260530c84b2ac6265ddbe0c185b6 (HEAD -> master)
Author: ranjith <blablarahul@gmail.com>
Date:   Thu Mar 7 11:17:19 2019 +0530

    ad-2

commit 747df4df0fef056956d6c96aba84886aa2eea7b2
Author: ranjith <blablarahul@gmail.com>
Date:   Thu Mar 7 09:49:15 2019 +0530

    committed changes 2

commit 4a32e1581438cf94385e801f91697436163ac54b
Merge: 278250b 353254d
Author: ranjith <blablarahul@gmail.com>
Date:   Thu Mar 7 09:48:03 2019 +0530

    committed chahnges

commit 278250b7cb3980bbcd4f9f3d05eb2e2f0a803fe2
Author: ranjith <blablarahul@gmail.com>
Date:   Thu Mar 7 09:39:29 2019 +0530

    added new file

commit 353254d73cab8c34a23f05f9520fcf6f472abc65
Author: ranjith <blablarahul@gmail.com>
Date:   Thu Mar 7 09:36:46 2019 +0530

    rebase demo -1

commit 535a0120a52b4d32a5dc1b611e8f433621a8874f (newbranch1)
Merge: 569e9c1 b0ba099
Author: ranjith <blablarahul@gmail.com>
Date:   Thu Mar 7 09:34:03 2019 +0530

    Conflicts are resolved

commit 569e9c1da50758929a572adbdfde3f2fa8ffb282
Author: ranjith <blablarahul@gmail.com>
Date:   Thu Mar 7 09:29:11 2019 +0530

    New file added file.txt to newbranch1

commit b0ba09997dcb51ba71718e46ab0598dd105c1e7e

Abridge Solutions@DESKTOP-MLV8CSH MINGW64 ~/Training/wellsfargo/batch-1/repo (master)
$

Abridge Solutions@DESKTOP-MLV8CSH MINGW64 ~/Training/wellsfargo/batch-1/repo (master)
$ git rebase -i HEAD-2
fatal: invalid upstream 'HEAD-2'

Abridge Solutions@DESKTOP-MLV8CSH MINGW64 ~/Training/wellsfargo/batch-1/repo (master)
$ git log
commit de4ea8762f6e260530c84b2ac6265ddbe0c185b6 (HEAD -> master)
Author: ranjith <blablarahul@gmail.com>
Date:   Thu Mar 7 11:17:19 2019 +0530

    ad-2

commit 747df4df0fef056956d6c96aba84886aa2eea7b2
Author: ranjith <blablarahul@gmail.com>
Date:   Thu Mar 7 09:49:15 2019 +0530

    committed changes 2

commit 4a32e1581438cf94385e801f91697436163ac54b
Merge: 278250b 353254d
Author: ranjith <blablarahul@gmail.com>
Date:   Thu Mar 7 09:48:03 2019 +0530

    committed chahnges

commit 278250b7cb3980bbcd4f9f3d05eb2e2f0a803fe2
Author: ranjith <blablarahul@gmail.com>
Date:   Thu Mar 7 09:39:29 2019 +0530

    added new file

commit 353254d73cab8c34a23f05f9520fcf6f472abc65
Author: ranjith <blablarahul@gmail.com>
Date:   Thu Mar 7 09:36:46 2019 +0530

    rebase demo -1

commit 535a0120a52b4d32a5dc1b611e8f433621a8874f (newbranch1)
Merge: 569e9c1 b0ba099
Author: ranjith <blablarahul@gmail.com>
Date:   Thu Mar 7 09:34:03 2019 +0530

    Conflicts are resolved

commit 569e9c1da50758929a572adbdfde3f2fa8ffb282
Author: ranjith <blablarahul@gmail.com>
Date:   Thu Mar 7 09:29:11 2019 +0530

    New file added file.txt to newbranch1

commit b0ba09997dcb51ba71718e46ab0598dd105c1e7e

Abridge Solutions@DESKTOP-MLV8CSH MINGW64 ~/Training/wellsfargo/batch-1/repo (master)
$ git rebase -i HEAD-2
fatal: invalid upstream 'HEAD-2'

Abridge Solutions@DESKTOP-MLV8CSH MINGW64 ~/Training/wellsfargo/batch-1/repo (master)
$ git rebase -i HEAD~2
Stopped at 747df4d...  committed changes 2
You can amend the commit now, with

  git commit --amend

Once you are satisfied with your changes, run

  git rebase --continue

Abridge Solutions@DESKTOP-MLV8CSH MINGW64 ~/Training/wellsfargo/batch-1/repo (master|REBASE-i 1/2)
$ git log
commit 747df4df0fef056956d6c96aba84886aa2eea7b2 (HEAD)
Author: ranjith <blablarahul@gmail.com>
Date:   Thu Mar 7 09:49:15 2019 +0530

    committed changes 2

commit 4a32e1581438cf94385e801f91697436163ac54b
Merge: 278250b 353254d
Author: ranjith <blablarahul@gmail.com>
Date:   Thu Mar 7 09:48:03 2019 +0530

    committed chahnges

commit 278250b7cb3980bbcd4f9f3d05eb2e2f0a803fe2
Author: ranjith <blablarahul@gmail.com>
Date:   Thu Mar 7 09:39:29 2019 +0530

    added new file

commit 353254d73cab8c34a23f05f9520fcf6f472abc65
Author: ranjith <blablarahul@gmail.com>
Date:   Thu Mar 7 09:36:46 2019 +0530

    rebase demo -1

commit 535a0120a52b4d32a5dc1b611e8f433621a8874f (newbranch1)
Merge: 569e9c1 b0ba099
Author: ranjith <blablarahul@gmail.com>
Date:   Thu Mar 7 09:34:03 2019 +0530

    Conflicts are resolved

commit 569e9c1da50758929a572adbdfde3f2fa8ffb282
Author: ranjith <blablarahul@gmail.com>
Date:   Thu Mar 7 09:29:11 2019 +0530

    New file added file.txt to newbranch1

commit b0ba09997dcb51ba71718e46ab0598dd105c1e7e
Author: ranjith <blablarahul@gmail.com>
Date:   Thu Mar 7 09:27:46 2019 +0530

    New file added file.txt

commit b4a23eac3f8de8f7640d5c959ab037bb76b86908
Author: ranjith <blablarahul@gmail.com>

Abridge Solutions@DESKTOP-MLV8CSH MINGW64 ~/Training/wellsfargo/batch-1/repo (master|REBASE-i 1/2)
$ git rebase --continue
Stopped at de4ea87...  ad-2
You can amend the commit now, with

  git commit --amend

Once you are satisfied with your changes, run

  git rebase --continue

Abridge Solutions@DESKTOP-MLV8CSH MINGW64 ~/Training/wellsfargo/batch-1/repo (master|REBASE-i 2/2)
$ git commit --amend
[detached HEAD f94a16c] changes to commits ad-2
 Date: Thu Mar 7 11:17:19 2019 +0530
 1 file changed, 1 insertion(+)
 create mode 100644 ammenddemo

Abridge Solutions@DESKTOP-MLV8CSH MINGW64 ~/Training/wellsfargo/batch-1/repo (master|REBASE-i 2/2)
$ git log
commit f94a16ccc0b250202f72932efdb4cfdaacd92f8d (HEAD)
Author: ranjith <blablarahul@gmail.com>
Date:   Thu Mar 7 11:17:19 2019 +0530

    changes to commits ad-2

commit 747df4df0fef056956d6c96aba84886aa2eea7b2
Author: ranjith <blablarahul@gmail.com>
Date:   Thu Mar 7 09:49:15 2019 +0530

    committed changes 2

commit 4a32e1581438cf94385e801f91697436163ac54b
Merge: 278250b 353254d
Author: ranjith <blablarahul@gmail.com>
Date:   Thu Mar 7 09:48:03 2019 +0530

    committed chahnges

commit 278250b7cb3980bbcd4f9f3d05eb2e2f0a803fe2
Author: ranjith <blablarahul@gmail.com>
Date:   Thu Mar 7 09:39:29 2019 +0530

    added new file

commit 353254d73cab8c34a23f05f9520fcf6f472abc65
Author: ranjith <blablarahul@gmail.com>
Date:   Thu Mar 7 09:36:46 2019 +0530

    rebase demo -1

commit 535a0120a52b4d32a5dc1b611e8f433621a8874f (newbranch1)
Merge: 569e9c1 b0ba099
Author: ranjith <blablarahul@gmail.com>
Date:   Thu Mar 7 09:34:03 2019 +0530

    Conflicts are resolved

commit 569e9c1da50758929a572adbdfde3f2fa8ffb282
Author: ranjith <blablarahul@gmail.com>
Date:   Thu Mar 7 09:29:11 2019 +0530

    New file added file.txt to newbranch1

commit b0ba09997dcb51ba71718e46ab0598dd105c1e7e

Abridge Solutions@DESKTOP-MLV8CSH MINGW64 ~/Training/wellsfargo/batch-1/repo (master|REBASE-i 2/2)
$ git rebase --continue
Successfully rebased and updated refs/heads/master.

Abridge Solutions@DESKTOP-MLV8CSH MINGW64 ~/Training/wellsfargo/batch-1/repo (master)
$ git commit --amend
[master 5b4e49b] edited commensts again and again comments chabnes ---- changes to commits ad-2
 Date: Thu Mar 7 11:17:19 2019 +0530
 1 file changed, 1 insertion(+)
 create mode 100644 ammenddemo

Abridge Solutions@DESKTOP-MLV8CSH MINGW64 ~/Training/wellsfargo/batch-1/repo (master)
$ git rebase --continue
fatal: No rebase in progress?

Abridge Solutions@DESKTOP-MLV8CSH MINGW64 ~/Training/wellsfargo/batch-1/repo (master)
$ git log
commit 5b4e49b216373ac1c26953f216d5f1b6f04091ca (HEAD -> master)
Author: ranjith <blablarahul@gmail.com>
Date:   Thu Mar 7 11:17:19 2019 +0530

    edited commensts again and again comments chabnes ---- changes to commits ad-2

commit 747df4df0fef056956d6c96aba84886aa2eea7b2
Author: ranjith <blablarahul@gmail.com>
Date:   Thu Mar 7 09:49:15 2019 +0530

    committed changes 2

commit 4a32e1581438cf94385e801f91697436163ac54b
Merge: 278250b 353254d
Author: ranjith <blablarahul@gmail.com>
Date:   Thu Mar 7 09:48:03 2019 +0530

    committed chahnges

commit 278250b7cb3980bbcd4f9f3d05eb2e2f0a803fe2
Author: ranjith <blablarahul@gmail.com>
Date:   Thu Mar 7 09:39:29 2019 +0530

    added new file

commit 353254d73cab8c34a23f05f9520fcf6f472abc65
Author: ranjith <blablarahul@gmail.com>
Date:   Thu Mar 7 09:36:46 2019 +0530

    rebase demo -1

commit 535a0120a52b4d32a5dc1b611e8f433621a8874f (newbranch1)
Merge: 569e9c1 b0ba099
Author: ranjith <blablarahul@gmail.com>
Date:   Thu Mar 7 09:34:03 2019 +0530

    Conflicts are resolved

commit 569e9c1da50758929a572adbdfde3f2fa8ffb282
Author: ranjith <blablarahul@gmail.com>
Date:   Thu Mar 7 09:29:11 2019 +0530

    New file added file.txt to newbranch1

commit b0ba09997dcb51ba71718e46ab0598dd105c1e7e

Abridge Solutions@DESKTOP-MLV8CSH MINGW64 ~/Training/wellsfargo/batch-1/repo (master)
$ ssh-keygen.exe
Generating public/private rsa key pair.
Enter file in which to save the key (/c/Users/Abridge Solutions/.ssh/id_rsa): y
Enter passphrase (empty for no passphrase):
Enter same passphrase again:
Your identification has been saved in y.
Your public key has been saved in y.pub.
The key fingerprint is:
SHA256:A8A4ra5TaXUbMz7kDPCgIW/vjoRMYvVaVRZDgycaHbk Abridge Solutions@DESKTOP-MLV8CSH
The key's randomart image is:
+---[RSA 2048]----+
|   +. ..=B.      |
|o = oo =o.o      |
|.+ B  +.+        |
|. = =.BE         |
|.= + X =S        |
|=.= + *  .       |
|.=.o   .         |
|o. ..            |
| ....            |
+----[SHA256]-----+

Abridge Solutions@DESKTOP-MLV8CSH MINGW64 ~/Training/wellsfargo/batch-1/repo (master)
$ ssh-keygen.exe
Generating public/private rsa key pair.
Enter file in which to save the key (/c/Users/Abridge Solutions/.ssh/id_rsa):
Created directory '/c/Users/Abridge Solutions/.ssh'.
Enter passphrase (empty for no passphrase):
Enter same passphrase again:
Your identification has been saved in /c/Users/Abridge Solutions/.ssh/id_rsa.
Your public key has been saved in /c/Users/Abridge Solutions/.ssh/id_rsa.pub.
The key fingerprint is:
SHA256:xiX5E+R+CQOA4+u2heLhv+vnCGX9vrYDdZXVpOm0pXI Abridge Solutions@DESKTOP-MLV8CSH
The key's randomart image is:
+---[RSA 2048]----+
|     .... .  o.o.|
|    o    =  o  o.|
|   . .  o *.  + .|
|    .. ..=.+ + + |
|    o...S.+ + E  |
|   o...o   o o   |
|  +.. ...        |
| o +oo..o        |
|  o+B*..++       |
+----[SHA256]-----+

Abridge Solutions@DESKTOP-MLV8CSH MINGW64 ~/Training/wellsfargo/batch-1/repo (master)
$ git remote set-url origin https://github.com/ranjitb/NewRepository.git

Abridge Solutions@DESKTOP-MLV8CSH MINGW64 ~/Training/wellsfargo/batch-1/repo (master)
$ git remote -v
origin  https://github.com/ranjitb/NewRepository.git (fetch)
origin  https://github.com/ranjitb/NewRepository.git (push)

Abridge Solutions@DESKTOP-MLV8CSH MINGW64 ~/Training/wellsfargo/batch-1/repo (master)
$ git remote set-url origin git@github.com/ranjitb/NewRepository.git

Abridge Solutions@DESKTOP-MLV8CSH MINGW64 ~/Training/wellsfargo/batch-1/repo (master)
$ git remote -v
origin  git@github.com/ranjitb/NewRepository.git (fetch)
origin  git@github.com/ranjitb/NewRepository.git (push)

Abridge Solutions@DESKTOP-MLV8CSH MINGW64 ~/Training/wellsfargo/batch-1/repo (master)
$ git remote set-url origin git@github.com:ranjitb/NewRepository.git

Abridge Solutions@DESKTOP-MLV8CSH MINGW64 ~/Training/wellsfargo/batch-1/repo (master)
$ git remote -v
origin  git@github.com:ranjitb/NewRepository.git (fetch)
origin  git@github.com:ranjitb/NewRepository.git (push)

Abridge Solutions@DESKTOP-MLV8CSH MINGW64 ~/Training/wellsfargo/batch-1/repo (master)
$ git push origin master
The authenticity of host 'github.com (192.30.253.112)' can't be established.
RSA key fingerprint is SHA256:nThbg6kXUpJWGl7E1IGOCspRomTxdCARLviKw6E5SY8.
Are you sure you want to continue connecting (yes/no)? n
Please type 'yes' or 'no': no
Host key verification failed.
fatal: Could not read from remote repository.

Please make sure you have the correct access rights
and the repository exists.

Abridge Solutions@DESKTOP-MLV8CSH MINGW64 ~/Training/wellsfargo/batch-1/repo (master)
$ git remote set-url origin git@github.com/ranjitb/NewRepository.git

Abridge Solutions@DESKTOP-MLV8CSH MINGW64 ~/Training/wellsfargo/batch-1/repo (master)
$ git remote set-url origin https://github.com/ranjitb/NewRepository.git

Abridge Solutions@DESKTOP-MLV8CSH MINGW64 ~/Training/wellsfargo/batch-1/repo (master)
$ git push origin master
To https://github.com/ranjitb/NewRepository.git
 ! [rejected]        master -> master (non-fast-forward)
error: failed to push some refs to 'https://github.com/ranjitb/NewRepository.git'
hint: Updates were rejected because the tip of your current branch is behind
hint: its remote counterpart. Integrate the remote changes (e.g.
hint: 'git pull ...') before pushing again.
hint: See the 'Note about fast-forwards' in 'git push --help' for details.

Abridge Solutions@DESKTOP-MLV8CSH MINGW64 ~/Training/wellsfargo/batch-1/repo (master)
$ git remote -v
origin  https://github.com/ranjitb/NewRepository.git (fetch)
origin  https://github.com/ranjitb/NewRepository.git (push)

Abridge Solutions@DESKTOP-MLV8CSH MINGW64 ~/Training/wellsfargo/batch-1/repo (master)
$ git remote set-url origin git@github.com:ranjitb/NewRepository.git

Abridge Solutions@DESKTOP-MLV8CSH MINGW64 ~/Training/wellsfargo/batch-1/repo (master)
$ git push origin master
The authenticity of host 'github.com (192.30.253.112)' can't be established.
RSA key fingerprint is SHA256:nThbg6kXUpJWGl7E1IGOCspRomTxdCARLviKw6E5SY8.
Are you sure you want to continue connecting (yes/no)? y
Please type 'yes' or 'no': yes
Warning: Permanently added 'github.com,192.30.253.112' (RSA) to the list of known hosts.
To github.com:ranjitb/NewRepository.git
 ! [rejected]        master -> master (non-fast-forward)
error: failed to push some refs to 'git@github.com:ranjitb/NewRepository.git'
hint: Updates were rejected because the tip of your current branch is behind
hint: its remote counterpart. Integrate the remote changes (e.g.
hint: 'git pull ...') before pushing again.
hint: See the 'Note about fast-forwards' in 'git push --help' for details.

Abridge Solutions@DESKTOP-MLV8CSH MINGW64 ~/Training/wellsfargo/batch-1/repo (master)
$ git remote -v
origin  git@github.com:ranjitb/NewRepository.git (fetch)
origin  git@github.com:ranjitb/NewRepository.git (push)

Abridge Solutions@DESKTOP-MLV8CSH MINGW64 ~/Training/wellsfargo/batch-1/repo (master)
$ git remote set-url origin https://github.com/ranjitb/NewRepository.git

Abridge Solutions@DESKTOP-MLV8CSH MINGW64 ~/Training/wellsfargo/batch-1/repo (master)
$ git push origin master
To https://github.com/ranjitb/NewRepository.git
 ! [rejected]        master -> master (non-fast-forward)
error: failed to push some refs to 'https://github.com/ranjitb/NewRepository.git'
hint: Updates were rejected because the tip of your current branch is behind
hint: its remote counterpart. Integrate the remote changes (e.g.
hint: 'git pull ...') before pushing again.
hint: See the 'Note about fast-forwards' in 'git push --help' for details.

Abridge Solutions@DESKTOP-MLV8CSH MINGW64 ~/Training/wellsfargo/batch-1/repo (master)
$ git checkout newbrach1
error: pathspec 'newbrach1' did not match any file(s) known to git

Abridge Solutions@DESKTOP-MLV8CSH MINGW64 ~/Training/wellsfargo/batch-1/repo (master)
$ git checkout newbranch1
Switched to branch 'newbranch1'

Abridge Solutions@DESKTOP-MLV8CSH MINGW64 ~/Training/wellsfargo/batch-1/repo (newbranch1)
$ git remote set-url origin git@github.com:ranjitb/NewRepository.git

Abridge Solutions@DESKTOP-MLV8CSH MINGW64 ~/Training/wellsfargo/batch-1/repo (newbranch1)
$ git remote -v
origin  git@github.com:ranjitb/NewRepository.git (fetch)
origin  git@github.com:ranjitb/NewRepository.git (push)

Abridge Solutions@DESKTOP-MLV8CSH MINGW64 ~/Training/wellsfargo/batch-1/repo (newbranch1)
$ git push origin master
Warning: Permanently added the RSA host key for IP address '192.30.253.113' to the list of known hosts.
To github.com:ranjitb/NewRepository.git
 ! [rejected]        master -> master (non-fast-forward)
error: failed to push some refs to 'git@github.com:ranjitb/NewRepository.git'
hint: Updates were rejected because a pushed branch tip is behind its remote
hint: counterpart. Check out this branch and integrate the remote changes
hint: (e.g. 'git pull ...') before pushing again.
hint: See the 'Note about fast-forwards' in 'git push --help' for details.

Abridge Solutions@DESKTOP-MLV8CSH MINGW64 ~/Training/wellsfargo/batch-1/repo (newbranch1)
$ git remote set-url origin https://github.com/ranjitb/NewRepository.git

Abridge Solutions@DESKTOP-MLV8CSH MINGW64 ~/Training/wellsfargo/batch-1/repo (newbranch1)
$ git push origin master
To https://github.com/ranjitb/NewRepository.git
 ! [rejected]        master -> master (non-fast-forward)
error: failed to push some refs to 'https://github.com/ranjitb/NewRepository.git'
hint: Updates were rejected because a pushed branch tip is behind its remote
hint: counterpart. Check out this branch and integrate the remote changes
hint: (e.g. 'git pull ...') before pushing again.
hint: See the 'Note about fast-forwards' in 'git push --help' for details.

Abridge Solutions@DESKTOP-MLV8CSH MINGW64 ~/Training/wellsfargo/batch-1/repo (newbranch1)
$ git pull origin master
From https://github.com/ranjitb/NewRepository
 * branch            master     -> FETCH_HEAD
Auto-merging new-file
CONFLICT (content): Merge conflict in new-file
Automatic merge failed; fix conflicts and then commit the result.

Abridge Solutions@DESKTOP-MLV8CSH MINGW64 ~/Training/wellsfargo/batch-1/repo (newbranch1|MERGING)
$ vi new-file

Abridge Solutions@DESKTOP-MLV8CSH MINGW64 ~/Training/wellsfargo/batch-1/repo (newbranch1|MERGING)
$ git commit -m "adfjgaj
> "
error: Committing is not possible because you have unmerged files.
hint: Fix them up in the work tree, and then use 'git add/rm <file>'
hint: as appropriate to mark resolution and make a commit.
fatal: Exiting because of an unresolved conflict.
U       new-file

Abridge Solutions@DESKTOP-MLV8CSH MINGW64 ~/Training/wellsfargo/batch-1/repo (newbranch1|MERGING)
$ git commit -m "welcome"
error: Committing is not possible because you have unmerged files.
hint: Fix them up in the work tree, and then use 'git add/rm <file>'
hint: as appropriate to mark resolution and make a commit.
fatal: Exiting because of an unresolved conflict.
U       new-file

Abridge Solutions@DESKTOP-MLV8CSH MINGW64 ~/Training/wellsfargo/batch-1/repo (newbranch1|MERGING)
$ vi new-file

Abridge Solutions@DESKTOP-MLV8CSH MINGW64 ~/Training/wellsfargo/batch-1/repo (newbranch1|MERGING)
$ git commit -am "welcome"
[newbranch1 35f2107] welcome

Abridge Solutions@DESKTOP-MLV8CSH MINGW64 ~/Training/wellsfargo/batch-1/repo (newbranch1)
$ git pull origin master
From https://github.com/ranjitb/NewRepository
 * branch            master     -> FETCH_HEAD
Already up to date.

Abridge Solutions@DESKTOP-MLV8CSH MINGW64 ~/Training/wellsfargo/batch-1/repo (newbranch1)
$ git push origin master
To https://github.com/ranjitb/NewRepository.git
 ! [rejected]        master -> master (non-fast-forward)
error: failed to push some refs to 'https://github.com/ranjitb/NewRepository.git'
hint: Updates were rejected because a pushed branch tip is behind its remote
hint: counterpart. Check out this branch and integrate the remote changes
hint: (e.g. 'git pull ...') before pushing again.
hint: See the 'Note about fast-forwards' in 'git push --help' for details.

Abridge Solutions@DESKTOP-MLV8CSH MINGW64 ~/Training/wellsfargo/batch-1/repo (newbranch1)
$ git push origin newbranch1
Enumerating objects: 39, done.
Counting objects: 100% (38/38), done.
Delta compression using up to 4 threads
Compressing objects: 100% (27/27), done.
Writing objects: 100% (31/31), 3.36 KiB | 214.00 KiB/s, done.
Total 31 (delta 3), reused 0 (delta 0)
remote: Resolving deltas: 100% (3/3), done.
To https://github.com/ranjitb/NewRepository.git
   b948df5..35f2107  newbranch1 -> newbranch1

Abridge Solutions@DESKTOP-MLV8CSH MINGW64 ~/Training/wellsfargo/batch-1/repo (newbranch1)
$ git push origin master
To https://github.com/ranjitb/NewRepository.git
 ! [rejected]        master -> master (non-fast-forward)
error: failed to push some refs to 'https://github.com/ranjitb/NewRepository.git'
hint: Updates were rejected because a pushed branch tip is behind its remote
hint: counterpart. Check out this branch and integrate the remote changes
hint: (e.g. 'git pull ...') before pushing again.
hint: See the 'Note about fast-forwards' in 'git push --help' for details.

Abridge Solutions@DESKTOP-MLV8CSH MINGW64 ~/Training/wellsfargo/batch-1/repo (newbranch1)
$ git merge origin master
merge: origin - not something we can merge

Abridge Solutions@DESKTOP-MLV8CSH MINGW64 ~/Training/wellsfargo/batch-1/repo (newbranch1)
$ git merge master
Merge made by the 'recursive' strategy.
 ammenddemo    | 1 +
 demo/new-file | 6 ++++++
 2 files changed, 7 insertions(+)
 create mode 100644 ammenddemo
 create mode 100644 demo/new-file

Abridge Solutions@DESKTOP-MLV8CSH MINGW64 ~/Training/wellsfargo/batch-1/repo (newbranch1)
$ git push origin master
To https://github.com/ranjitb/NewRepository.git
 ! [rejected]        master -> master (non-fast-forward)
error: failed to push some refs to 'https://github.com/ranjitb/NewRepository.git'
hint: Updates were rejected because a pushed branch tip is behind its remote
hint: counterpart. Check out this branch and integrate the remote changes
hint: (e.g. 'git pull ...') before pushing again.
hint: See the 'Note about fast-forwards' in 'git push --help' for details.

Abridge Solutions@DESKTOP-MLV8CSH MINGW64 ~/Training/wellsfargo/batch-1/repo (newbranch1)
$ git checkout master
Switched to branch 'master'

Abridge Solutions@DESKTOP-MLV8CSH MINGW64 ~/Training/wellsfargo/batch-1/repo (master)
$ git push origin master
To https://github.com/ranjitb/NewRepository.git
 ! [rejected]        master -> master (non-fast-forward)
error: failed to push some refs to 'https://github.com/ranjitb/NewRepository.git'
hint: Updates were rejected because the tip of your current branch is behind
hint: its remote counterpart. Integrate the remote changes (e.g.
hint: 'git pull ...') before pushing again.
hint: See the 'Note about fast-forwards' in 'git push --help' for details.

Abridge Solutions@DESKTOP-MLV8CSH MINGW64 ~/Training/wellsfargo/batch-1/repo (master)
$ git pull origin master
From https://github.com/ranjitb/NewRepository
 * branch            master     -> FETCH_HEAD
Auto-merging new-file
CONFLICT (content): Merge conflict in new-file
Automatic merge failed; fix conflicts and then commit the result.

Abridge Solutions@DESKTOP-MLV8CSH MINGW64 ~/Training/wellsfargo/batch-1/repo (master|MERGING)
$ vi new-file

Abridge Solutions@DESKTOP-MLV8CSH MINGW64 ~/Training/wellsfargo/batch-1/repo (master|MERGING)
$ git commit -am "welcome"
[master 28674fc] welcome

Abridge Solutions@DESKTOP-MLV8CSH MINGW64 ~/Training/wellsfargo/batch-1/repo (master)
$ git push origin master
Enumerating objects: 26, done.
Counting objects: 100% (26/26), done.
Delta compression using up to 4 threads
Compressing objects: 100% (13/13), done.
Writing objects: 100% (22/22), 2.17 KiB | 148.00 KiB/s, done.
Total 22 (delta 3), reused 0 (delta 0)
remote: Resolving deltas: 100% (3/3), done.
remote: error: GH006: Protected branch update failed for refs/heads/master.
remote: error: At least 1 approving review is required by reviewers with write access.
To https://github.com/ranjitb/NewRepository.git
 ! [remote rejected] master -> master (protected branch hook declined)
error: failed to push some refs to 'https://github.com/ranjitb/NewRepository.git'

Abridge Solutions@DESKTOP-MLV8CSH MINGW64 ~/Training/wellsfargo/batch-1/repo (master)
$ git push origin master
Enumerating objects: 26, done.
Counting objects: 100% (26/26), done.
Delta compression using up to 4 threads
Compressing objects: 100% (13/13), done.
Writing objects: 100% (22/22), 2.17 KiB | 111.00 KiB/s, done.
Total 22 (delta 3), reused 0 (delta 0)
remote: Resolving deltas: 100% (3/3), done.
To https://github.com/ranjitb/NewRepository.git
   6eb3f10..28674fc  master -> master

Abridge Solutions@DESKTOP-MLV8CSH MINGW64 ~/Training/wellsfargo/batch-1/repo (master)
$ git diff newbranch1 newbranch2
diff --git a/.gitignore b/.gitignore
index df25536..a7f3dba 100644
--- a/.gitignore
+++ b/.gitignore
@@ -1,9 +1,7 @@
-
 test-report.html
 taget/
 *.log
 */password.txt
 */*.jar
 *.xml
-*/*.xml
 .sdfgjsfsg
diff --git a/ChandanFileForEdit b/ChandanFileForEdit
deleted file mode 100644
index 63653d1..0000000
--- a/ChandanFileForEdit
+++ /dev/null
@@ -1 +0,0 @@
-ghfg
diff --git a/ammenddemo b/ammenddemo
deleted file mode 100644
index f3be645..0000000
--- a/ammenddemo
+++ /dev/null
@@ -1 +0,0 @@
-ammend demo -1
diff --git a/demo/new-file b/demo/new-file
deleted file mode 100644
index 7f7f2ab..0000000
--- a/demo/new-file
+++ /dev/null
@@ -1,6 +0,0 @@
-
-rebase demo -2
-
-rebase demo -1
-
-rebase demo -2
diff --git a/file.txt b/file.txt
deleted file mode 100644
index c7aaf14..0000000
--- a/file.txt
+++ /dev/null

Abridge Solutions@DESKTOP-MLV8CSH MINGW64 ~/Training/wellsfargo/batch-1/repo (master)
$ git diff new-file new-file.txt
fatal: new-file.txt: no such path in the working tree.
Use 'git <command> -- <path>...' to specify paths that do not exist locally.

Abridge Solutions@DESKTOP-MLV8CSH MINGW64 ~/Training/wellsfargo/batch-1/repo (master)
$ git diff new-file file.txt

Abridge Solutions@DESKTOP-MLV8CSH MINGW64 ~/Training/wellsfargo/batch-1/repo (master)
$ git diff "new-file" "file.txt"

Abridge Solutions@DESKTOP-MLV8CSH MINGW64 ~/Training/wellsfargo/batch-1/repo (master)
$ git diff 'abc' 'abd'
fatal: ambiguous argument 'abc': unknown revision or path not in the working tree.
Use '--' to separate paths from revisions, like this:
'git <command> [<revision>...] -- [<file>...]'

Abridge Solutions@DESKTOP-MLV8CSH MINGW64 ~/Training/wellsfargo/batch-1/repo (master)
$ vi new-file

Abridge Solutions@DESKTOP-MLV8CSH MINGW64 ~/Training/wellsfargo/batch-1/repo (master)
$
